command=pnpm test:e2e
startedAt=2026-09-04T23:00:52.583Z

$ playwright test
[2m[WebServer] [22m(node:86248) Warning: The 'NO_COLOR' env is ignored due to the 'FORCE_COLOR' env being set.
[2m[WebServer] [22m(Use `node --trace-warnings ...` to show where the warning was created)
[2m[WebServer] [22m(node:42728) Warning: The 'NO_COLOR' env is ignored due to the 'FORCE_COLOR' env being set.
[2m[WebServer] [22m(Use `node --trace-warnings ...` to show where the warning was created)
[2m[WebServer] [22m(node:39156) Warning: The 'NO_COLOR' env is ignored due to the 'FORCE_COLOR' env being set.
[2m[WebServer] [22m(Use `node --trace-warnings ...` to show where the warning was created)
[2m[WebServer] [22m(node:39156) Warning: The 'NO_COLOR' env is ignored due to the 'FORCE_COLOR' env being set.
[2m[WebServer] [22m(Use `node --trace-warnings ...` to show where the warning was created)
[2m[WebServer] [22m(node:40684) Warning: The 'NO_COLOR' env is ignored due to the 'FORCE_COLOR' env being set.
[2m[WebServer] [22m(Use `node --trace-warnings ...` to show where the warning was created)
[2m[WebServer] [22m(node:33748) Warning: The 'NO_COLOR' env is ignored due to the 'FORCE_COLOR' env being set.
[2m[WebServer] [22m(Use `node --trace-warnings ...` to show where the warning was created)

Running 10 tests using 1 worker

(node:50168) Warning: The 'NO_COLOR' env is ignored due to the 'FORCE_COLOR' env being set.
(Use `node --trace-warnings ...` to show where the warning was created)
(node:50168) Warning: The 'NO_COLOR' env is ignored due to the 'FORCE_COLOR' env being set.
(Use `node --trace-warnings ...` to show where the warning was created)
  ok  1 [desktop-chromium] › tests\e2e\app-connectivity.spec.ts:7:7 › frontend and backend connectivity › serves operational endpoints and a defined database readiness state (95ms)
  ok  2 [desktop-chromium] › tests\e2e\app-connectivity.spec.ts:28:7 › frontend and backend connectivity › rejects anonymous access at protected backend boundaries (232ms)
  ok  3 [desktop-chromium] › tests\e2e\app-connectivity.spec.ts:39:7 › frontend and backend connectivity › redirects anonymous users and connects the login form to the backend (1.9s)
  ok  4 [desktop-chromium] › tests\e2e\app-connectivity.spec.ts:73:7 › frontend and backend connectivity › opens and closes user-support dialogs (1.7s)
  -   5 [desktop-chromium] › tests\e2e\app-connectivity.spec.ts:87:7 › frontend and backend connectivity › completes an authenticated navigation and logout workflow
(node:85548) Warning: The 'NO_COLOR' env is ignored due to the 'FORCE_COLOR' env being set.
(Use `node --trace-warnings ...` to show where the warning was created)
(node:85548) Warning: The 'NO_COLOR' env is ignored due to the 'FORCE_COLOR' env being set.
(Use `node --trace-warnings ...` to show where the warning was created)
  ok  6 [mobile-chromium] › tests\e2e\app-connectivity.spec.ts:7:7 › frontend and backend connectivity › serves operational endpoints and a defined database readiness state (70ms)
  ok  7 [mobile-chromium] › tests\e2e\app-connectivity.spec.ts:28:7 › frontend and backend connectivity › rejects anonymous access at protected backend boundaries (54ms)
  ok  8 [mobile-chromium] › tests\e2e\app-connectivity.spec.ts:39:7 › frontend and backend connectivity › redirects anonymous users and connects the login form to the backend (1.8s)
  ok  9 [mobile-chromium] › tests\e2e\app-connectivity.spec.ts:73:7 › frontend and backend connectivity › opens and closes user-support dialogs (1.9s)
  -  10 [mobile-chromium] › tests\e2e\app-connectivity.spec.ts:87:7 › frontend and backend connectivity › completes an authenticated navigation and logout workflow

  2 skipped
  8 passed (14.7s)

To open last HTML report run:
[36m[39m
[36m  pnpm exec playwright show-report[39m
[36m[39m

finishedAt=2026-09-04T23:01:08.344Z
exitCode=0
