command=pnpm test:sdk-java
startedAt=2026-09-04T23:01:39.320Z

$ node scripts/run-toolchain-tests.mjs java-sdk
[INFO] Scanning for projects...
[INFO]
[INFO] -------------------< io.guardllm:guardllm-java-sdk >--------------------
[INFO] Building guardllm-java-sdk 1.0.0-SNAPSHOT
[INFO]   from pom.xml
[INFO] --------------------------------[ jar ]---------------------------------
[INFO]
[INFO] --- resources:3.3.1:resources (default-resources) @ guardllm-java-sdk ---
[INFO] skip non existing resourceDirectory /workspace/packages/sdk-java/src/main/resources
[INFO]
[INFO] --- compiler:3.15.0:compile (default-compile) @ guardllm-java-sdk ---
[INFO] Nothing to compile - all classes are up to date.
[INFO]
[INFO] --- resources:3.3.1:testResources (default-testResources) @ guardllm-java-sdk ---
[INFO] skip non existing resourceDirectory /workspace/packages/sdk-java/src/test/resources
[INFO]
[INFO] --- compiler:3.15.0:testCompile (default-testCompile) @ guardllm-java-sdk ---
[INFO] Nothing to compile - all classes are up to date.
[INFO]
[INFO] --- surefire:3.5.6:test (default-test) @ guardllm-java-sdk ---
[INFO] Using auto detected provider org.apache.maven.surefire.junitplatform.JUnitPlatformProvider
[INFO]
[INFO] -------------------------------------------------------
[INFO]  T E S T S
[INFO] -------------------------------------------------------
[INFO] Running io.guardllm.sdk.ContextSignerTest
[INFO] Tests run: 2, Failures: 0, Errors: 0, Skipped: 0, Time elapsed: 0.205 s -- in io.guardllm.sdk.ContextSignerTest
[INFO] Running io.guardllm.sdk.GuardGatewayClientTest
[INFO] Tests run: 1, Failures: 0, Errors: 0, Skipped: 0, Time elapsed: 0.179 s -- in io.guardllm.sdk.GuardGatewayClientTest
[INFO]
[INFO] Results:
[INFO]
[INFO] Tests run: 3, Failures: 0, Errors: 0, Skipped: 0
[INFO]
[INFO] ------------------------------------------------------------------------
[INFO] BUILD SUCCESS
[INFO] ------------------------------------------------------------------------
[INFO] Total time:  7.622 s
[INFO] Finished at: 2026-09-04T23:01:48Z
[INFO] ------------------------------------------------------------------------

finishedAt=2026-09-04T23:01:49.268Z
exitCode=0
